strict digraph G {
	// Node definitions.
	B1 [label=entry];
	B2;
	B3;
	B4;
	B5;
	B6;
	B7;
	B8;
	B9;
	B10;
	B11;
	B12;
	I3;

	// Edge definitions.
	B1 -> B2;
	B1 -> B5;
	B2 -> B3;
	B2 -> B4;
	B3 -> B5;
	B4 -> B5;
	B5 -> B6;
	B6 -> B7;
	B6 -> B12;
	B7 -> B8;
	B7 -> B9;
	B8 -> B9;
	B8 -> B10;
	B9 -> B10;
	B10 -> B11;
	B12 -> I3;
	I3 -> B6;
}
